[themeslay.com/preview/items/HTML-Websites/Buddhism-Life/index-banner.html]
[themeslay.com/preview/items/HTML-Websites/Buddhism-Life/assets/images/favicon.png]
[themeslay.com/preview/items/HTML-Websites/Buddhism-Life/assets/css/main.css]
[backblue.gif]
[fade.gif]
[index.html]
[themeslay.com/preview/items/HTML-Websites/Buddhism-Life/index.html]
[themeslay.com/preview/items/HTML-Websites/Buddhism-Life/assets/images/brand.png]
[themeslay.com/preview/items/HTML-Websites/Buddhism-Life/donations.html]
[themeslay.com/preview/items/HTML-Websites/Buddhism-Life/donations-details.html]
[themeslay.com/preview/items/HTML-Websites/Buddhism-Life/events.html]
[themeslay.com/preview/items/HTML-Websites/Buddhism-Life/events-details.html]
[themeslay.com/preview/items/HTML-Websites/Buddhism-Life/about.html]
[themeslay.com/preview/items/HTML-Websites/Buddhism-Life/shop.html]
[themeslay.com/preview/items/HTML-Websites/Buddhism-Life/shop-details.html]
[themeslay.com/preview/items/HTML-Websites/Buddhism-Life/cart.html]
[themeslay.com/preview/items/HTML-Websites/Buddhism-Life/checkout.html]
[themeslay.com/preview/items/HTML-Websites/Buddhism-Life/login.html]
[themeslay.com/preview/items/HTML-Websites/Buddhism-Life/sign-up.html]
[themeslay.com/preview/items/HTML-Websites/Buddhism-Life/reset-password.html]
[themeslay.com/preview/items/HTML-Websites/Buddhism-Life/monks.html]
[themeslay.com/preview/items/HTML-Websites/Buddhism-Life/monk-details.html]
[themeslay.com/preview/items/HTML-Websites/Buddhism-Life/services.html]
[themeslay.com/preview/items/HTML-Websites/Buddhism-Life/services-details.html]
[themeslay.com/preview/items/HTML-Websites/Buddhism-Life/privacy.html]
[themeslay.com/preview/items/HTML-Websites/Buddhism-Life/faq.html]
[themeslay.com/preview/items/HTML-Websites/Buddhism-Life/404.html]
[themeslay.com/preview/items/HTML-Websites/Buddhism-Life/gallery.html]
[themeslay.com/preview/items/HTML-Websites/Buddhism-Life/gallery-mixed.html]
[themeslay.com/preview/items/HTML-Websites/Buddhism-Life/gallery-details.html]
[themeslay.com/preview/items/HTML-Websites/Buddhism-Life/blog.html]
[themeslay.com/preview/items/HTML-Websites/Buddhism-Life/blog-details.html]
[themeslay.com/preview/items/HTML-Websites/Buddhism-Life/contact.html]
[themeslay.com/preview/items/HTML-Websites/Buddhism-Life/assets/images/hero/hero-bg-4.jpg]
[themeslay.com/preview/items/HTML-Websites/Buddhism-Life/assets/images/hero/hero-bg-2.jpg]
[themeslay.com/preview/items/HTML-Websites/Buddhism-Life/assets/images/hero/hero-bg-3.jpg]
[themeslay.com/preview/items/HTML-Websites/Buddhism-Life/assets/images/icons/about01.png]
[themeslay.com/preview/items/HTML-Websites/Buddhism-Life/assets/images/icons/about02.png]
[themeslay.com/preview/items/HTML-Websites/Buddhism-Life/assets/images/section/about-shape.png]
[themeslay.com/preview/items/HTML-Websites/Buddhism-Life/assets/images/section/about-pic.png]
[themeslay.com/preview/items/HTML-Websites/Buddhism-Life/assets/images/program/program-tab01.png]
[themeslay.com/preview/items/HTML-Websites/Buddhism-Life/assets/images/program/program-tab02.png]
[themeslay.com/preview/items/HTML-Websites/Buddhism-Life/assets/images/program/program-tab03.png]
[themeslay.com/preview/items/HTML-Websites/Buddhism-Life/assets/images/program/program01.png]
[themeslay.com/preview/items/HTML-Websites/Buddhism-Life/assets/images/program/program02.png]
[themeslay.com/preview/items/HTML-Websites/Buddhism-Life/assets/images/program/program03.png]
[themeslay.com/preview/items/HTML-Websites/Buddhism-Life/assets/images/program/program04.png]
[themeslay.com/preview/items/HTML-Websites/Buddhism-Life/assets/images/program/program05.png]
[themeslay.com/preview/items/HTML-Websites/Buddhism-Life/assets/images/program/program06.png]
[themeslay.com/preview/items/HTML-Websites/Buddhism-Life/assets/images/services/pic05.jpg]
[themeslay.com/preview/items/HTML-Websites/Buddhism-Life/assets/images/team/team01.png]
[themeslay.com/preview/items/HTML-Websites/Buddhism-Life/assets/images/team/team02.png]
[themeslay.com/preview/items/HTML-Websites/Buddhism-Life/assets/images/team/team03.png]
[themeslay.com/preview/items/HTML-Websites/Buddhism-Life/assets/images/team/team04.png]
[themeslay.com/preview/items/HTML-Websites/Buddhism-Life/assets/images/icons/play-icon.png]
[themeslay.com/preview/items/HTML-Websites/Buddhism-Life/assets/images/icons/apple-icon.png]
[themeslay.com/preview/items/HTML-Websites/Buddhism-Life/assets/images/payments/visa.png]
[themeslay.com/preview/items/HTML-Websites/Buddhism-Life/assets/images/payments/mastercard.png]
[themeslay.com/preview/items/HTML-Websites/Buddhism-Life/assets/images/payments/upi.png]
[themeslay.com/preview/items/HTML-Websites/Buddhism-Life/assets/images/payments/paypal.png]
[themeslay.com/preview/items/HTML-Websites/Buddhism-Life/assets/js/jquery.min.js]
[themeslay.com/preview/items/HTML-Websites/Buddhism-Life/assets/js/bootstrap.bundle.min.js]
[themeslay.com/preview/items/HTML-Websites/Buddhism-Life/assets/js/wow.min.js]
[themeslay.com/preview/items/HTML-Websites/Buddhism-Life/assets/js/owl.carousel.min.js]
[themeslay.com/preview/items/HTML-Websites/Buddhism-Life/assets/js/jquery.magnific-popup.min.js]
[themeslay.com/preview/items/HTML-Websites/Buddhism-Life/assets/js/main.js]
[themeslay.com/preview/items/HTML-Websites/Buddhism-Life/assets/js/counter.js]
[themeslay.com/preview/items/HTML-Websites/Buddhism-Life/index-banner.html]
[cdn.jsdelivr.net/npm/bootstrap-icons@1.11.3/font/bootstrap-icons.css]
[themeslay.com/preview/items/HTML-Websites/Buddhism-Life/assets/css/bootstrap.min.css]
[themeslay.com/preview/items/HTML-Websites/Buddhism-Life/assets/css/owl.carousel.min.css]
[themeslay.com/preview/items/HTML-Websites/Buddhism-Life/assets/css/owl.theme.default.min.css]
[themeslay.com/preview/items/HTML-Websites/Buddhism-Life/assets/css/animate.min.css]
[themeslay.com/preview/items/HTML-Websites/Buddhism-Life/assets/css/gallery.css]
[themeslay.com/preview/items/HTML-Websites/Buddhism-Life/assets/images/hero/hero-bg.jpg]
[themeslay.com/preview/items/HTML-Websites/Buddhism-Life/assets/images/icons/minus.svg]
[themeslay.com/preview/items/HTML-Websites/Buddhism-Life/assets/images/icons/plus.svg]
[themeslay.com/preview/items/HTML-Websites/Buddhism-Life/assets/images/section/support-bg.jpg]
[themeslay.com/preview/items/HTML-Websites/Buddhism-Life/assets/images/breadcrumb/breadcrumb-image.jpg]
[themeslay.com/preview/items/HTML-Websites/Buddhism-Life/assets/images/section/services-bg.jpg]
[themeslay.com/preview/items/HTML-Websites/Buddhism-Life/assets/images/icons/bg-color.png]
[themeslay.com/preview/items/HTML-Websites/Buddhism-Life/assets/images/section/count-bg.jpg]
[themeslay.com/preview/items/HTML-Websites/Buddhism-Life/assets/css/main.css]
[themeslay.com/preview/items/HTML-Websites/Buddhism-Life/assets/images/hero/hero-pic.png]
[themeslay.com/preview/items/HTML-Websites/Buddhism-Life/assets/images/partner/logo01.png]
[themeslay.com/preview/items/HTML-Websites/Buddhism-Life/assets/images/partner/logo04.png]
[themeslay.com/preview/items/HTML-Websites/Buddhism-Life/assets/images/partner/logo03.png]
[themeslay.com/preview/items/HTML-Websites/Buddhism-Life/assets/images/partner/logo02.png]
[themeslay.com/preview/items/HTML-Websites/Buddhism-Life/assets/images/partner/logo05.png]
[themeslay.com/preview/items/HTML-Websites/Buddhism-Life/assets/images/partner/logo06.png]
[themeslay.com/preview/items/HTML-Websites/Buddhism-Life/assets/images/partner/logo07.png]
[themeslay.com/preview/items/HTML-Websites/Buddhism-Life/assets/images/icons/feature-icon01.png]
[themeslay.com/preview/items/HTML-Websites/Buddhism-Life/assets/images/icons/feature-icon02.png]
[themeslay.com/preview/items/HTML-Websites/Buddhism-Life/assets/images/icons/feature-icon03.png]
[themeslay.com/preview/items/HTML-Websites/Buddhism-Life/assets/images/icons/feature-icon04.png]
[themeslay.com/preview/items/HTML-Websites/Buddhism-Life/assets/images/events/events01.png]
[themeslay.com/preview/items/HTML-Websites/Buddhism-Life/assets/images/events/events02.png]
[themeslay.com/preview/items/HTML-Websites/Buddhism-Life/assets/images/events/events03.png]
[themeslay.com/preview/items/HTML-Websites/Buddhism-Life/assets/images/events/events04.png]
[themeslay.com/preview/items/HTML-Websites/Buddhism-Life/assets/images/stream/stream01.jpg]
[themeslay.com/preview/items/HTML-Websites/Buddhism-Life/assets/images/stream/stream02.jpg]
[themeslay.com/preview/items/HTML-Websites/Buddhism-Life/assets/images/stream/stream03.jpg]
[themeslay.com/preview/items/HTML-Websites/Buddhism-Life/assets/images/icons/qotes-icon.png]
[themeslay.com/preview/items/HTML-Websites/Buddhism-Life/assets/images/top-volunteers/vol01.jpg]
[themeslay.com/preview/items/HTML-Websites/Buddhism-Life/assets/images/top-volunteers/vol02.jpg]
[themeslay.com/preview/items/HTML-Websites/Buddhism-Life/assets/images/top-volunteers/vol03.jpg]
[themeslay.com/preview/items/HTML-Websites/Buddhism-Life/assets/images/top-volunteers/vol04.jpg]
[themeslay.com/preview/items/HTML-Websites/Buddhism-Life/assets/images/top-volunteers/vol05.jpg]
[themeslay.com/preview/items/HTML-Websites/Buddhism-Life/assets/images/top-volunteers/vol06.jpg]
[themeslay.com/preview/items/HTML-Websites/Buddhism-Life/assets/images/top-volunteers/vol07.jpg]
[themeslay.com/preview/items/HTML-Websites/Buddhism-Life/assets/images/section/faq-img.png]
[themeslay.com/preview/items/HTML-Websites/Buddhism-Life/assets/js/countdown.js]
[themeslay.com/preview/items/HTML-Websites/Buddhism-Life/index.html]
[themeslay.com/preview/items/HTML-Websites/Buddhism-Life/assets/images/donation/program01.png]
[themeslay.com/preview/items/HTML-Websites/Buddhism-Life/assets/images/donation/program02.png]
[themeslay.com/preview/items/HTML-Websites/Buddhism-Life/assets/images/donation/program03.png]
[themeslay.com/preview/items/HTML-Websites/Buddhism-Life/assets/images/donation/program04.png]
[themeslay.com/preview/items/HTML-Websites/Buddhism-Life/assets/images/donation/program05.png]
[themeslay.com/preview/items/HTML-Websites/Buddhism-Life/donations.html]
[themeslay.com/preview/items/HTML-Websites/Buddhism-Life/assets/images/donation/program-big.jpg]
[themeslay.com/preview/items/HTML-Websites/Buddhism-Life/assets/images/donation/program-big02.jpg]
[themeslay.com/preview/items/HTML-Websites/Buddhism-Life/assets/images/section/sub-banner.png]
[themeslay.com/preview/items/HTML-Websites/Buddhism-Life/donations-details.html]
[themeslay.com/preview/items/HTML-Websites/Buddhism-Life/events.html]
[themeslay.com/preview/items/HTML-Websites/Buddhism-Life/assets/images/blog/blog-post02.jpg]
[themeslay.com/preview/items/HTML-Websites/Buddhism-Life/assets/images/program/adv.png]
[themeslay.com/preview/items/HTML-Websites/Buddhism-Life/events-details.html]
[themeslay.com/preview/items/HTML-Websites/Buddhism-Life/about.html]
[themeslay.com/preview/items/HTML-Websites/Buddhism-Life/assets/images/product/sub-banner.png]
[themeslay.com/preview/items/HTML-Websites/Buddhism-Life/assets/images/product/gallery-product01.png]
[themeslay.com/preview/items/HTML-Websites/Buddhism-Life/assets/images/product/gallery-product02.png]
[themeslay.com/preview/items/HTML-Websites/Buddhism-Life/assets/images/product/gallery-product03.png]
[themeslay.com/preview/items/HTML-Websites/Buddhism-Life/assets/images/product/gallery-product04.png]
[themeslay.com/preview/items/HTML-Websites/Buddhism-Life/assets/images/product/gallery-product05.png]
[themeslay.com/preview/items/HTML-Websites/Buddhism-Life/assets/images/product/gallery-product06.png]
[themeslay.com/preview/items/HTML-Websites/Buddhism-Life/assets/images/product/gallery-product07.png]
[themeslay.com/preview/items/HTML-Websites/Buddhism-Life/assets/images/product/gallery-product08.png]
[themeslay.com/preview/items/HTML-Websites/Buddhism-Life/assets/images/product/gallery-product09.png]
[themeslay.com/preview/items/HTML-Websites/Buddhism-Life/assets/js/nouislider.min.js]
[themeslay.com/preview/items/HTML-Websites/Buddhism-Life/shop.html]
[themeslay.com/preview/items/HTML-Websites/Buddhism-Life/assets/js/wNumb.min.js]
[themeslay.com/preview/items/HTML-Websites/Buddhism-Life/assets/images/product/gallery01.png]
[themeslay.com/preview/items/HTML-Websites/Buddhism-Life/assets/images/product/gallery02.png]
[themeslay.com/preview/items/HTML-Websites/Buddhism-Life/assets/images/product/gallery03.png]
[themeslay.com/preview/items/HTML-Websites/Buddhism-Life/assets/images/product/gallery04.png]
[themeslay.com/preview/items/HTML-Websites/Buddhism-Life/assets/images/product/gallery05.png]
[themeslay.com/preview/items/HTML-Websites/Buddhism-Life/assets/images/avatar/avatar.png]
[themeslay.com/preview/items/HTML-Websites/Buddhism-Life/assets/js/rater.js]
[themeslay.com/preview/items/HTML-Websites/Buddhism-Life/shop-details.html]
[themeslay.com/preview/items/HTML-Websites/Buddhism-Life/assets/images/product/Products01.png]
[themeslay.com/preview/items/HTML-Websites/Buddhism-Life/assets/images/product/Products02.png]
[themeslay.com/preview/items/HTML-Websites/Buddhism-Life/cart.html]
[themeslay.com/preview/items/HTML-Websites/Buddhism-Life/assets/images/icons/payment-visa.png]
[themeslay.com/preview/items/HTML-Websites/Buddhism-Life/assets/images/icons/payment-pay.png]
[themeslay.com/preview/items/HTML-Websites/Buddhism-Life/assets/images/icons/payment-master.png]
[themeslay.com/preview/items/HTML-Websites/Buddhism-Life/assets/images/icons/cash.png]
[themeslay.com/preview/items/HTML-Websites/Buddhism-Life/checkout.html]
[themeslay.com/preview/items/HTML-Websites/Buddhism-Life/assets/js/contact.js]
[themeslay.com/preview/items/HTML-Websites/Buddhism-Life/login.html]
[themeslay.com/preview/items/HTML-Websites/Buddhism-Life/sign-up.html]
[themeslay.com/preview/items/HTML-Websites/Buddhism-Life/reset-password.html]
[themeslay.com/preview/items/HTML-Websites/Buddhism-Life/assets/images/team/team05.png]
[themeslay.com/preview/items/HTML-Websites/Buddhism-Life/assets/images/team/team06.png]
[themeslay.com/preview/items/HTML-Websites/Buddhism-Life/assets/images/team/team07.png]
[themeslay.com/preview/items/HTML-Websites/Buddhism-Life/assets/images/team/team08.png]
[themeslay.com/preview/items/HTML-Websites/Buddhism-Life/monks.html]
[themeslay.com/preview/items/HTML-Websites/Buddhism-Life/assets/images/team/team-details.jpg]
[themeslay.com/preview/items/HTML-Websites/Buddhism-Life/monk-details.html]
[themeslay.com/preview/items/HTML-Websites/Buddhism-Life/services.html]
[themeslay.com/preview/items/HTML-Websites/Buddhism-Life/assets/images/services/service-02.jpg]
[themeslay.com/preview/items/HTML-Websites/Buddhism-Life/assets/images/services/service-01.jpg]
[themeslay.com/preview/items/HTML-Websites/Buddhism-Life/assets/images/services/service-03.jpg]
[themeslay.com/preview/items/HTML-Websites/Buddhism-Life/services-details.html]
[themeslay.com/preview/items/HTML-Websites/Buddhism-Life/privacy.html]
[themeslay.com/preview/items/HTML-Websites/Buddhism-Life/assets/images/section/faq.png]
[themeslay.com/preview/items/HTML-Websites/Buddhism-Life/faq.html]
[themeslay.com/preview/items/HTML-Websites/Buddhism-Life/404.html]
[themeslay.com/preview/items/HTML-Websites/Buddhism-Life/assets/images/gallery/big/big-thumb01.jpg]
[themeslay.com/preview/items/HTML-Websites/Buddhism-Life/assets/images/gallery/thumb/thumb01.jpg]
[themeslay.com/preview/items/HTML-Websites/Buddhism-Life/assets/images/gallery/big/big-thumb06.jpg]
[themeslay.com/preview/items/HTML-Websites/Buddhism-Life/assets/images/gallery/thumb/thumb06.jpg]
[themeslay.com/preview/items/HTML-Websites/Buddhism-Life/assets/images/gallery/big/big-thumb03.jpg]
[themeslay.com/preview/items/HTML-Websites/Buddhism-Life/assets/images/gallery/thumb/thumb03.jpg]
[themeslay.com/preview/items/HTML-Websites/Buddhism-Life/assets/images/gallery/big/big-thumb04.jpg]
[themeslay.com/preview/items/HTML-Websites/Buddhism-Life/assets/images/gallery/thumb/thumb04.jpg]
[themeslay.com/preview/items/HTML-Websites/Buddhism-Life/assets/images/gallery/big/big-thumb05.jpg]
[themeslay.com/preview/items/HTML-Websites/Buddhism-Life/assets/images/gallery/thumb/thumb05.jpg]
[themeslay.com/preview/items/HTML-Websites/Buddhism-Life/assets/images/gallery/big/big-thumb02.jpg]
[themeslay.com/preview/items/HTML-Websites/Buddhism-Life/assets/images/gallery/thumb/thumb02.jpg]
[themeslay.com/preview/items/HTML-Websites/Buddhism-Life/assets/images/gallery/big/big-thumb07.jpg]
[themeslay.com/preview/items/HTML-Websites/Buddhism-Life/assets/images/gallery/thumb/thumb07.jpg]
[themeslay.com/preview/items/HTML-Websites/Buddhism-Life/assets/images/gallery/big/big-thumb08.jpg]
[themeslay.com/preview/items/HTML-Websites/Buddhism-Life/assets/images/gallery/thumb/thumb08.jpg]
[themeslay.com/preview/items/HTML-Websites/Buddhism-Life/gallery.html]
[themeslay.com/preview/items/HTML-Websites/Buddhism-Life/gallery-mixed.html]
[themeslay.com/preview/items/HTML-Websites/Buddhism-Life/gallery-details.html]
[themeslay.com/preview/items/HTML-Websites/Buddhism-Life/assets/js/mixitup.min.js]
[themeslay.com/preview/items/HTML-Websites/Buddhism-Life/assets/images/blog/blog-post01.jpg]
[themeslay.com/preview/items/HTML-Websites/Buddhism-Life/assets/images/blog/blog-post03.jpg]
[themeslay.com/preview/items/HTML-Websites/Buddhism-Life/assets/images/instagram/insta01.png]
[themeslay.com/preview/items/HTML-Websites/Buddhism-Life/assets/images/instagram/insta02.png]
[themeslay.com/preview/items/HTML-Websites/Buddhism-Life/assets/images/instagram/insta03.png]
[themeslay.com/preview/items/HTML-Websites/Buddhism-Life/assets/images/instagram/insta04.png]
[themeslay.com/preview/items/HTML-Websites/Buddhism-Life/assets/images/instagram/insta05.png]
[themeslay.com/preview/items/HTML-Websites/Buddhism-Life/assets/images/instagram/insta06.png]
[themeslay.com/preview/items/HTML-Websites/Buddhism-Life/blog.html]
[themeslay.com/preview/items/HTML-Websites/Buddhism-Life/assets/images/blog/details/comment-1.png]
[themeslay.com/preview/items/HTML-Websites/Buddhism-Life/assets/images/blog/details/comment-2.png]
[themeslay.com/preview/items/HTML-Websites/Buddhism-Life/blog-details.html]
[www.google.com/recaptcha/api.js]
[themeslay.com/preview/items/HTML-Websites/Buddhism-Life/contact.html]
[themeslay.com/preview/items/HTML-Websites/Buddhism-Life/assets/js/jquery.min.js]
[themeslay.com/preview/items/HTML-Websites/Buddhism-Life/assets/js/bootstrap.bundle.min.js]
[themeslay.com/preview/items/HTML-Websites/Buddhism-Life/assets/js/wow.min.js]
[themeslay.com/preview/items/HTML-Websites/Buddhism-Life/assets/js/owl.carousel.min.js]
[themeslay.com/preview/items/HTML-Websites/Buddhism-Life/assets/js/jquery.magnific-popup.min.js]
[themeslay.com/preview/items/HTML-Websites/Buddhism-Life/assets/js/main.js]
[themeslay.com/preview/items/HTML-Websites/Buddhism-Life/assets/js/counter.js]
[cdn.jsdelivr.net/npm/bootstrap-icons@1.11.3/font/fonts/bootstrap-icons0107.woff2]
[cdn.jsdelivr.net/npm/bootstrap-icons@1.11.3/font/fonts/bootstrap-icons0107.woff]
[cdn.jsdelivr.net/npm/bootstrap-icons@1.11.3/font/bootstrap-icons.css]
[themeslay.com/preview/items/HTML-Websites/Buddhism-Life/assets/css/bootstrap.min.css]
[themeslay.com/preview/items/HTML-Websites/Buddhism-Life/assets/css/owl.video.play.png]
[themeslay.com/preview/items/HTML-Websites/Buddhism-Life/assets/css/owl.carousel.min.css]
[themeslay.com/preview/items/HTML-Websites/Buddhism-Life/assets/css/owl.theme.default.min.css]
[themeslay.com/preview/items/HTML-Websites/Buddhism-Life/assets/css/animate.min.css]
[themeslay.com/preview/items/HTML-Websites/Buddhism-Life/assets/css/gallery.css]
[themeslay.com/preview/items/HTML-Websites/Buddhism-Life/assets/images/icons/minus.svg]
[themeslay.com/preview/items/HTML-Websites/Buddhism-Life/assets/images/icons/plus.svg]
[themeslay.com/preview/items/HTML-Websites/Buddhism-Life/assets/js/countdown.js]
[themeslay.com/preview/items/HTML-Websites/Buddhism-Life/assets/js/nouislider.min.js]
[themeslay.com/preview/items/HTML-Websites/Buddhism-Life/assets/js/wNumb.min.js]
[themeslay.com/preview/items/HTML-Websites/Buddhism-Life/style.css]
[themeslay.com/preview/items/HTML-Websites/Buddhism-Life/assets/js/rater.js]
[themeslay.com/preview/items/HTML-Websites/Buddhism-Life/contact-2.html]
[themeslay.com/preview/items/HTML-Websites/Buddhism-Life/assets/js/contact.js]
[themeslay.com/preview/items/HTML-Websites/Buddhism-Life/assets/js/mixitup.min.js]
[themeslay.com/preview/items/HTML-Websites/Buddhism-Life/assets/css/owl.video.play.html]
[themeslay.com/preview/items/HTML-Websites/Buddhism-Life/style.html]
[themeslay.com/preview/items/HTML-Websites/Buddhism-Life/contact-2.html]
